OpenJDK 64-Bit Server VM (25.141-b15) for linux-amd64 JRE (1.8.0_141-8u141-b15-1~deb9u1-b15), built on Jul 23 2017 12:12:42 by "pbuilder" with gcc 6.3.0 20170516
Memory: 4k page, physical 7599512k(2214072k free), swap 7798780k(7664128k free)
CommandLine flags: -XX:+DisableExplicitGC -XX:GCLogFileSize=104857600 -XX:InitialHeapSize=1073741824 -XX:InitiatingHeapOccupancyPercent=35 -XX:+ManagementServer -XX:MaxGCPauseMillis=20 -XX:MaxHeapSize=1073741824 -XX:NumberOfGCLogFiles=10 -XX:+PrintGC -XX:+PrintGCDateStamps -XX:+PrintGCDetails -XX:+PrintGCTimeStamps -XX:+UseCompressedClassPointers -XX:+UseCompressedOops -XX:+UseG1GC -XX:+UseGCLogFileRotation 
2017-08-04T10:48:20.768+0200: 1.204: [GC pause (G1 Evacuation Pause) (young), 0.0115756 secs]
   [Parallel Time: 6.1 ms, GC Workers: 4]
      [GC Worker Start (ms): Min: 1204.4, Avg: 1204.4, Max: 1204.5, Diff: 0.1]
      [Ext Root Scanning (ms): Min: 0.8, Avg: 1.1, Max: 1.9, Diff: 1.1, Sum: 4.5]
      [Update RS (ms): Min: 0.0, Avg: 0.0, Max: 0.0, Diff: 0.0, Sum: 0.0]
         [Processed Buffers: Min: 0, Avg: 0.0, Max: 0, Diff: 0, Sum: 0]
      [Scan RS (ms): Min: 0.0, Avg: 0.0, Max: 0.0, Diff: 0.0, Sum: 0.0]
      [Code Root Scanning (ms): Min: 0.0, Avg: 0.3, Max: 0.5, Diff: 0.5, Sum: 1.1]
      [Object Copy (ms): Min: 4.1, Avg: 4.6, Max: 4.8, Diff: 0.6, Sum: 18.3]
      [Termination (ms): Min: 0.0, Avg: 0.0, Max: 0.0, Diff: 0.0, Sum: 0.0]
         [Termination Attempts: Min: 1, Avg: 8.5, Max: 15, Diff: 14, Sum: 34]
      [GC Worker Other (ms): Min: 0.0, Avg: 0.0, Max: 0.0, Diff: 0.0, Sum: 0.1]
      [GC Worker Total (ms): Min: 6.0, Avg: 6.0, Max: 6.1, Diff: 0.1, Sum: 24.1]
      [GC Worker End (ms): Min: 1210.4, Avg: 1210.4, Max: 1210.4, Diff: 0.0]
   [Code Root Fixup: 0.1 ms]
   [Code Root Purge: 0.0 ms]
   [Clear CT: 0.2 ms]
   [Other: 5.1 ms]
      [Choose CSet: 0.0 ms]
      [Ref Proc: 4.7 ms]
      [Ref Enq: 0.0 ms]
      [Redirty Cards: 0.1 ms]
      [Humongous Register: 0.0 ms]
      [Humongous Reclaim: 0.0 ms]
      [Free CSet: 0.0 ms]
   [Eden: 51.0M(51.0M)->0.0B(44.0M) Survivors: 0.0B->7168.0K Heap: 51.0M(1024.0M)->7879.0K(1024.0M)]
 [Times: user=0.03 sys=0.01, real=0.01 secs] 
2017-08-04T10:48:21.264+0200: 1.701: [GC pause (G1 Evacuation Pause) (young), 0.0114970 secs]
   [Parallel Time: 8.3 ms, GC Workers: 4]
      [GC Worker Start (ms): Min: 1701.3, Avg: 1702.0, Max: 1703.4, Diff: 2.2]
      [Ext Root Scanning (ms): Min: 0.0, Avg: 2.3, Max: 7.1, Diff: 7.1, Sum: 9.1]
      [Update RS (ms): Min: 0.0, Avg: 0.0, Max: 0.1, Diff: 0.1, Sum: 0.1]
         [Processed Buffers: Min: 0, Avg: 0.2, Max: 1, Diff: 1, Sum: 1]
      [Scan RS (ms): Min: 0.0, Avg: 0.0, Max: 0.0, Diff: 0.0, Sum: 0.0]
      [Code Root Scanning (ms): Min: 0.0, Avg: 0.2, Max: 0.8, Diff: 0.8, Sum: 0.8]
      [Object Copy (ms): Min: 0.9, Avg: 3.2, Max: 5.3, Diff: 4.4, Sum: 12.7]
      [Termination (ms): Min: 0.0, Avg: 1.6, Max: 2.9, Diff: 2.9, Sum: 6.6]
         [Termination Attempts: Min: 1, Avg: 6.2, Max: 10, Diff: 9, Sum: 25]
      [GC Worker Other (ms): Min: 0.0, Avg: 0.0, Max: 0.0, Diff: 0.0, Sum: 0.0]
      [GC Worker Total (ms): Min: 6.1, Avg: 7.3, Max: 8.0, Diff: 2.0, Sum: 29.3]
      [GC Worker End (ms): Min: 1709.3, Avg: 1709.3, Max: 1709.5, Diff: 0.2]
   [Code Root Fixup: 0.1 ms]
   [Code Root Purge: 0.0 ms]
   [Clear CT: 0.1 ms]
   [Other: 3.0 ms]
      [Choose CSet: 0.0 ms]
      [Ref Proc: 2.7 ms]
      [Ref Enq: 0.0 ms]
      [Redirty Cards: 0.0 ms]
      [Humongous Register: 0.0 ms]
      [Humongous Reclaim: 0.0 ms]
      [Free CSet: 0.0 ms]
   [Eden: 44.0M(44.0M)->0.0B(44.0M) Survivors: 7168.0K->7168.0K Heap: 179.7M(1024.0M)->137.7M(1024.0M)]
 [Times: user=0.03 sys=0.01, real=0.01 secs] 
2017-08-04T10:48:21.396+0200: 1.832: [GC pause (Metadata GC Threshold) (young) (initial-mark), 0.0081370 secs]
   [Parallel Time: 6.2 ms, GC Workers: 4]
      [GC Worker Start (ms): Min: 1832.5, Avg: 1832.9, Max: 1833.8, Diff: 1.2]
      [Ext Root Scanning (ms): Min: 0.1, Avg: 0.9, Max: 1.3, Diff: 1.2, Sum: 3.4]
      [Update RS (ms): Min: 0.0, Avg: 0.1, Max: 0.2, Diff: 0.2, Sum: 0.4]
         [Processed Buffers: Min: 0, Avg: 1.0, Max: 2, Diff: 2, Sum: 4]
      [Scan RS (ms): Min: 0.0, Avg: 0.0, Max: 0.0, Diff: 0.0, Sum: 0.0]
      [Code Root Scanning (ms): Min: 0.0, Avg: 1.2, Max: 4.4, Diff: 4.4, Sum: 4.8]
      [Object Copy (ms): Min: 0.0, Avg: 2.7, Max: 3.6, Diff: 3.6, Sum: 10.6]
      [Termination (ms): Min: 0.0, Avg: 0.9, Max: 1.2, Diff: 1.2, Sum: 3.4]
         [Termination Attempts: Min: 1, Avg: 1.5, Max: 2, Diff: 1, Sum: 6]
      [GC Worker Other (ms): Min: 0.0, Avg: 0.0, Max: 0.0, Diff: 0.0, Sum: 0.0]
      [GC Worker Total (ms): Min: 4.6, Avg: 5.7, Max: 6.1, Diff: 1.5, Sum: 22.8]
      [GC Worker End (ms): Min: 1838.4, Avg: 1838.6, Max: 1838.7, Diff: 0.2]
   [Code Root Fixup: 0.2 ms]
   [Code Root Purge: 0.0 ms]
   [Clear CT: 0.2 ms]
   [Other: 1.6 ms]
      [Choose CSet: 0.0 ms]
      [Ref Proc: 1.1 ms]
      [Ref Enq: 0.0 ms]
      [Redirty Cards: 0.3 ms]
      [Humongous Register: 0.0 ms]
      [Humongous Reclaim: 0.0 ms]
      [Free CSet: 0.0 ms]
   [Eden: 12.0M(44.0M)->0.0B(46.0M) Survivors: 7168.0K->5120.0K Heap: 149.6M(1024.0M)->138.8M(1024.0M)]
 [Times: user=0.02 sys=0.00, real=0.01 secs] 
2017-08-04T10:48:21.404+0200: 1.841: [GC concurrent-root-region-scan-start]
2017-08-04T10:48:21.406+0200: 1.843: [GC concurrent-root-region-scan-end, 0.0021268 secs]
2017-08-04T10:48:21.406+0200: 1.843: [GC concurrent-mark-start]
2017-08-04T10:48:21.411+0200: 1.848: [GC concurrent-mark-end, 0.0051455 secs]
2017-08-04T10:48:21.411+0200: 1.848: [GC remark 2017-08-04T10:48:21.411+0200: 1.848: [Finalize Marking, 0.0022410 secs] 2017-08-04T10:48:21.414+0200: 1.850: [GC ref-proc, 0.0001008 secs] 2017-08-04T10:48:21.414+0200: 1.850: [Unloading, 0.0029193 secs], 0.0066468 secs]
 [Times: user=0.02 sys=0.00, real=0.00 secs] 
2017-08-04T10:48:21.418+0200: 1.855: [GC cleanup 139M->136M(1024M), 0.0006688 secs]
 [Times: user=0.00 sys=0.00, real=0.00 secs] 
2017-08-04T10:48:21.419+0200: 1.856: [GC concurrent-cleanup-start]
2017-08-04T10:48:21.419+0200: 1.856: [GC concurrent-cleanup-end, 0.0000101 secs]
2017-08-04T11:44:24.439+0200: 3364.876: [GC pause (G1 Evacuation Pause) (young), 0.0366592 secs]
   [Parallel Time: 31.9 ms, GC Workers: 4]
      [GC Worker Start (ms): Min: 3364877.0, Avg: 3364881.7, Max: 3364883.3, Diff: 6.4]
      [Ext Root Scanning (ms): Min: 0.7, Avg: 2.1, Max: 6.1, Diff: 5.4, Sum: 8.2]
      [Update RS (ms): Min: 0.0, Avg: 0.2, Max: 0.3, Diff: 0.3, Sum: 0.9]
         [Processed Buffers: Min: 0, Avg: 4.5, Max: 6, Diff: 6, Sum: 18]
      [Scan RS (ms): Min: 0.0, Avg: 1.1, Max: 2.0, Diff: 2.0, Sum: 4.3]
      [Code Root Scanning (ms): Min: 0.0, Avg: 0.4, Max: 1.3, Diff: 1.3, Sum: 1.7]
      [Object Copy (ms): Min: 11.3, Avg: 14.8, Max: 21.3, Diff: 10.0, Sum: 59.4]
      [Termination (ms): Min: 0.0, Avg: 7.4, Max: 10.4, Diff: 10.4, Sum: 29.4]
         [Termination Attempts: Min: 1, Avg: 1.0, Max: 1, Diff: 0, Sum: 4]
      [GC Worker Other (ms): Min: 0.0, Avg: 0.0, Max: 0.0, Diff: 0.0, Sum: 0.1]
      [GC Worker Total (ms): Min: 24.3, Avg: 26.0, Max: 31.1, Diff: 6.8, Sum: 104.0]
      [GC Worker End (ms): Min: 3364907.6, Avg: 3364907.7, Max: 3364908.0, Diff: 0.4]
   [Code Root Fixup: 0.1 ms]
   [Code Root Purge: 0.0 ms]
   [Clear CT: 0.1 ms]
   [Other: 4.5 ms]
      [Choose CSet: 0.0 ms]
      [Ref Proc: 3.9 ms]
      [Ref Enq: 0.0 ms]
      [Redirty Cards: 0.0 ms]
      [Humongous Register: 0.1 ms]
      [Humongous Reclaim: 0.0 ms]
      [Free CSet: 0.0 ms]
   [Eden: 46.0M(46.0M)->0.0B(46.0M) Survivors: 5120.0K->5120.0K Heap: 181.8M(1024.0M)->135.8M(1024.0M)]
 [Times: user=0.07 sys=0.00, real=0.03 secs] 
Heap
 garbage-first heap   total 1048576K, used 142153K [0x00000000c0000000, 0x00000000c0102000, 0x0000000100000000)
  region size 1024K, 9 young (9216K), 5 survivors (5120K)
 Metaspace       used 22335K, capacity 22472K, committed 22784K, reserved 1069056K
  class space    used 3144K, capacity 3202K, committed 3328K, reserved 1048576K
